
> react-typescript-starter@0.1.0 test
> react-scripts test --coverage

PASS src/tests/moviesList.test.tsx
PASS src/tests/slider.test.tsx
PASS src/tests/menubar.test.tsx
--------------------|---------|----------|---------|---------|-------------------
File                | % Stmts | % Branch | % Funcs | % Lines | Uncovered Line #s 
--------------------|---------|----------|---------|---------|-------------------
All files           |   16.75 |     14.7 |    15.3 |   16.92 |                   
 src                |   20.24 |    17.24 |   19.48 |   20.37 |                   
  AllMoviesList.tsx |   57.14 |    41.66 |   66.66 |   57.14 | 31,39,41,44-49,78 
  DragList.tsx      |       0 |        0 |       0 |       0 | 33-213            
  HungerGames.tsx   |       0 |      100 |       0 |       0 | 6                 
  ManageUser.tsx    |       0 |        0 |       0 |       0 | 18-77             
  MenuBar.tsx       |     100 |      100 |     100 |     100 |                   
  MovieMaster.tsx   |   10.34 |     8.33 |    5.55 |   10.34 | 30-56,63-227      
  Movies.tsx        |       0 |      100 |     100 |       0 | 33                
  NewMovieForm.tsx  |       0 |        0 |       0 |       0 | 12-80             
  ReviewBox.tsx     |       0 |      100 |       0 |       0 | 10-61             
  Scroller.tsx      |   65.21 |       40 |   77.77 |   65.21 | 44-47,52-55       
  globals.d.ts      |       0 |        0 |       0 |       0 |                   
 src/pages          |       0 |        0 |       0 |       0 |                   
  App.tsx           |       0 |        0 |       0 |       0 | 17-128            
--------------------|---------|----------|---------|---------|-------------------

Test Suites: 3 passed, 3 total
Tests:       17 passed, 17 total
Snapshots:   0 total
Time:        3.899 s
Ran all test suites.
